" "					"* MOVEMENT *"
"+forward"				"Move Forward"
"+back"				"Move Back"
"+left"				"Turn Left"
"+right"				"Turn Right"
"+moveleft"				"Strafe Left"
"+moveright"			"Strafe Right"
"+jump"				"Jump"
"+duck"				"Duck"
"+moveup"				"Swim Up"
"+movedown"				"Swim Down"
"+speed"				"Walk"
"+lookup"				"Look Up"
"+lookdown"				"Look Down"
"force_centerview"			"Reset View"
"+strafe"				"Strafe Modifier"
"+mlook"				"Mouse Look"
"+klook"				"Keyboard Look"

" "					" "
" "					"* WEAPON USAGE *"
"+attack"				"Primary Attack"
"+attack2"				"Secondary Attack"
"+reload"				"Reload Weapon"
"invprev"				"Previous Weapon"
"invnext"				"Next Weapon"
"lastinv"				"Last Used Weapon"
"drop"				"Drop Current Weapon"
"slot1"				"Weapon Category 1"
"slot2"				"Weapon Category 2"
"slot3"				"Weapon Category 3"
"slot4"				"Weapon Category 4"
"slot5"				"Weapon Category 5"
"slot6"				"Weapon Category 6"
"slot7"				"Weapon Category 7"
"slot8"				"Weapon Category 8"
"slot9"				"Weapon Category 9"

" "					" "
" "					"* ITEM USAGE *"
"impulse 100"			"Flashlight"
"impulse 201"			"Spray Logo"

" "					" "
" "					"* MISC COMMANDS *"
"+use"				"Use (Buttons, Scientists, ...)"
"playermenu"			"Your Personal Menu"
"impulse 197"			"Toggle Radar ON"
"impulse 196"			"Toggle Radar OFF"
"+showscores"			"Display Scoreboard"
"messagemode"			"Chat Message"
"messagemode2"			"Team Message"
"snapshot"				"Take Screen Shot"
"quit"				"Quit Game"

