"w"				"+forward"
"UPARROW"			"+forward"
"s"				"+back"
"DOWNARROW"			"+back"
"a"				"+moveleft"
"LEFTARROW"			"+moveleft"
"d"				"+moveright"
"RIGHTARROW"		"+moveright"
"SPACE"			"+jump"
"MOUSE2"			"+jump"
"CTRL"			"+duck"
"TAB"				"+showscores"
"F1"				"+showscores"
"e"				"+use"
"ENTER"			"+use"
"'"				"+moveup"
"/"				"+movedown"
"PGUP"			"+lookup"
"PGDN"			"+lookdown"
"END"				"force_centerview"
"ALT"				"+strafe"
"INS"				"+klook"
";"				"+mlook"
"r"				"+reload"
"KP_INS			"+reload"
"SHIFT"			"+speed"
"MOUSE1"			"+attack"
"MOUSE3"			"+attack2"
"f"				"impulse 100"
"l"				"impulse 201"
"1"				"slot1"
"2"				"slot2"
"3"				"slot3"
"4"				"slot4"
"5"				"slot5"
"6"				"slot6"
"7"				"slot7"
"8"				"slot8"
"9"				"slot9"
"0"				"slot10"
"MWHEELUP"			"invprev"
"["				"invprev"
"MWHEELDOWN"		"invnext"
"]"				"invnext"
"q"				"lastinv"
"F5"				"snapshot"
"F6"				"save quick"
"F7"				"load quick"
"F10"				"quit prompt"
"PAUSE"			"pause"
"ESCAPE"			"escape"
"~"				"toggleconsole"
"`"				"toggleconsole"
"+"				"sizeup"
"="				"sizeup"
"-"				"sizedown"
"t"				"messagemode"
"y"				"messagemode2"
"x"				"impulse 197"
"z"				"impulse 196"
"m"				"playermenu"
"g"				"drop"
"BACKSPACE"			"drop"